// Jest Snapshot v1, https://goo.gl/fbAQLP

exports[`Add item form should match the snapshot 1`] = `""`;
